[2026-09-17T16:44:13.920Z] GET https://www.varaexpo.mv/ → pending (?ms, ?B)
[2026-09-17T16:44:14.366Z] GET https://cdn.tailwindcss.com/ → 302 (113ms, ?B)
[2026-09-17T16:44:14.366Z] GET https://rsms.me/inter/inter.css → 200 (109ms, 2026B)
[2026-09-17T16:44:14.366Z] GET https://www.varaexpo.mv/index.css → 404 (32ms, ?B)
[2026-09-17T16:44:14.366Z] GET https://www.varaexpo.mv/assets/index-TtofaRjP.js → 200 (126ms, 157006B)
[2026-09-17T16:44:14.479Z] GET https://cdn.tailwindcss.com/3.4.17 → 200 (118ms, 126963B)
[2026-09-17T16:44:14.709Z] GET https://ufjxxuzebebsoczqpmut.supabase.co/storage/v1/object/public/site-assets/hero_video_poster.jpg → pending (?ms, ?B)
[2026-09-17T16:44:14.723Z] GET https://rsms.me/inter/font-files/Inter-Regular.woff2?v=4.1 → 200 (160ms, 112043B)
[2026-09-17T16:44:14.724Z] GET https://rsms.me/inter/font-files/Inter-Bold.woff2?v=4.1 → 200 (144ms, 115649B)
[2026-09-17T16:44:14.724Z] GET https://rsms.me/inter/font-files/Inter-ExtraBold.woff2?v=4.1 → 200 (159ms, 115623B)
[2026-09-17T16:44:14.724Z] GET https://rsms.me/inter/font-files/Inter-SemiBold.woff2?v=4.1 → 200 (160ms, 115590B)
[2026-09-17T16:44:14.727Z] GET https://ufjxxuzebebsoczqpmut.supabase.co/storage/v1/object/public/site-assets/logo_light.png → pending (?ms, ?B)
[2026-09-17T16:44:14.727Z] GET https://ufjxxuzebebsoczqpmut.supabase.co/storage/v1/object/public/site-assets/icon_empower.png → pending (?ms, ?B)
[2026-09-17T16:44:14.727Z] GET https://ufjxxuzebebsoczqpmut.supabase.co/storage/v1/object/public/site-assets/icon_innovation.png → pending (?ms, ?B)
[2026-09-17T16:44:14.728Z] GET https://ufjxxuzebebsoczqpmut.supabase.co/storage/v1/object/public/site-assets/icon_connections.png → pending (?ms, ?B)
[2026-09-17T16:44:14.728Z] GET https://ufjxxuzebebsoczqpmut.supabase.co/storage/v1/object/public/site-assets/footer_watermark.png → pending (?ms, ?B)
[2026-09-17T16:44:14.729Z] GET https://ufjxxuzebebsoczqpmut.supabase.co/storage/v1/object/public/site-assets/hero_video.mp4 → pending (?ms, ?B)
[2026-09-17T16:44:14.735Z] GET https://ufjxxuzebebsoczqpmut.supabase.co/rest/v1/news_articles?select=*&order=date.desc → pending (?ms, ?B)
[2026-09-17T16:44:14.735Z] GET https://ufjxxuzebebsoczqpmut.supabase.co/rest/v1/exhibitors?select=* → pending (?ms, ?B)
[2026-09-17T16:44:14.735Z] GET https://ufjxxuzebebsoczqpmut.supabase.co/rest/v1/sponsors?select=* → pending (?ms, ?B)
[2026-09-17T16:44:14.735Z] GET https://ufjxxuzebebsoczqpmut.supabase.co/rest/v1/testimonials?select=*&order=display_order.asc → pending (?ms, ?B)
[2026-09-17T16:44:14.735Z] GET https://ufjxxuzebebsoczqpmut.supabase.co/rest/v1/site_assets?select=key%2Curl → pending (?ms, ?B)
[2026-09-17T16:44:15.908Z] GET https://wxjqgufljgcfbojdaebj.supabase.co/storage/v1/object/public/exhibitor-logos/0.9156323436168038.png → pending (?ms, ?B)
[2026-09-17T16:44:15.908Z] GET https://wxjqgufljgcfbojdaebj.supabase.co/storage/v1/object/public/exhibitor-logos/0.05661833990895737.png → pending (?ms, ?B)
[2026-09-17T16:44:15.908Z] GET https://wxjqgufljgcfbojdaebj.supabase.co/storage/v1/object/public/exhibitor-logos/0.26027144181612494.png → pending (?ms, ?B)
[2026-09-17T16:44:15.908Z] GET https://wxjqgufljgcfbojdaebj.supabase.co/storage/v1/object/public/exhibitor-logos/0.4847365201832692.png → pending (?ms, ?B)
[2026-09-17T16:44:15.908Z] GET https://wxjqgufljgcfbojdaebj.supabase.co/storage/v1/object/public/exhibitor-logos/0.8671769957415082.png → pending (?ms, ?B)
[2026-09-17T16:44:15.908Z] GET https://wxjqgufljgcfbojdaebj.supabase.co/storage/v1/object/public/exhibitor-logos/0.0511666031275686.png → pending (?ms, ?B)
[2026-09-17T16:44:16.016Z] GET https://wxjqgufljgcfbojdaebj.supabase.co/storage/v1/object/public/exhibitor-logos/0.37402261242954804.png → pending (?ms, ?B)
[2026-09-17T16:44:16.016Z] GET https://hdccdn.blob.core.windows.net/brand/hdc/HDCLOGO-01.png → pending (?ms, ?B)
[2026-09-17T16:44:16.016Z] GET https://wxjqgufljgcfbojdaebj.supabase.co/storage/v1/object/public/exhibitor-logos/0.16921985134931872.png → pending (?ms, ?B)
[2026-09-17T16:44:16.016Z] GET https://wxjqgufljgcfbojdaebj.supabase.co/storage/v1/object/public/exhibitor-logos/0.28238991379026435.png → pending (?ms, ?B)
[2026-09-17T16:44:16.016Z] GET https://wxjqgufljgcfbojdaebj.supabase.co/storage/v1/object/public/exhibitor-logos/1759916039560_logo.png → pending (?ms, ?B)
[2026-09-17T16:44:16.016Z] GET https://wxjqgufljgcfbojdaebj.supabase.co/storage/v1/object/public/exhibitor-logos/0.29244779714815927.png → pending (?ms, ?B)
[2026-09-17T16:44:16.016Z] GET https://wxjqgufljgcfbojdaebj.supabase.co/storage/v1/object/public/exhibitor-logos/1758452599632_MIRA_logo.png → pending (?ms, ?B)
[2026-09-17T16:44:16.016Z] GET https://wxjqgufljgcfbojdaebj.supabase.co/storage/v1/object/public/exhibitor-logos/1758361654511_Ministry_logo.png → pending (?ms, ?B)
[2026-09-17T16:44:16.016Z] GET https://wxjqgufljgcfbojdaebj.supabase.co/storage/v1/object/public/exhibitor-logos/0.05890321099830387.png → pending (?ms, ?B)
[2026-09-17T16:44:16.017Z] GET https://wxjqgufljgcfbojdaebj.supabase.co/storage/v1/object/public/exhibitor-logos/0.09676224969008695.png → pending (?ms, ?B)
[2026-09-17T16:44:16.017Z] GET https://wxjqgufljgcfbojdaebj.supabase.co/storage/v1/object/public/exhibitor-logos/1758616234847_Screenshot_2025_09_23_132900.png → pending (?ms, ?B)
[2026-09-17T16:44:16.017Z] GET https://wxjqgufljgcfbojdaebj.supabase.co/storage/v1/object/public/exhibitor-logos/1758617577349_Cyryx_Logo.png → pending (?ms, ?B)
[2026-09-17T16:44:16.017Z] GET https://wxjqgufljgcfbojdaebj.supabase.co/storage/v1/object/public/exhibitor-logos/1758542751988_logo.jpg → pending (?ms, ?B)
[2026-09-17T16:44:16.017Z] GET https://wxjqgufljgcfbojdaebj.supabase.co/storage/v1/object/public/exhibitor-logos/1758624781418_Asset_9.png → pending (?ms, ?B)
[2026-09-17T16:44:16.017Z] GET https://wxjqgufljgcfbojdaebj.supabase.co/storage/v1/object/public/exhibitor-logos/1758800925179_Simdi_Group.png → pending (?ms, ?B)
[2026-09-17T16:44:16.017Z] GET https://wxjqgufljgcfbojdaebj.supabase.co/storage/v1/object/public/exhibitor-logos/1758958071554_d939dedb_8b2c_49f1_a815_0410db335080.jpeg → pending (?ms, ?B)
[2026-09-17T16:44:16.017Z] GET https://wxjqgufljgcfbojdaebj.supabase.co/storage/v1/object/public/exhibitor-logos/1759036888832_MAPS_logo__black_text_.png → pending (?ms, ?B)
[2026-09-17T16:44:16.246Z] GET https://wxjqgufljgcfbojdaebj.supabase.co/storage/v1/object/public/exhibitor-logos/1758431394023_BML_Logo.png → pending (?ms, ?B)
[2026-09-17T16:44:16.479Z] GET https://wxjqgufljgcfbojdaebj.supabase.co/storage/v1/object/public/exhibitor-logos/1759157885224_Adobe_Express_2025_09_29_19.54.34.jpeg → pending (?ms, ?B)
[2026-09-17T16:44:16.712Z] GET https://wxjqgufljgcfbojdaebj.supabase.co/storage/v1/object/public/exhibitor-logos/1759230056651_Villa_College_Logo_copy.png → pending (?ms, ?B)
[2026-09-17T16:44:16.946Z] GET https://wxjqgufljgcfbojdaebj.supabase.co/storage/v1/object/public/exhibitor-logos/1759388125051_Crowe_Logo_PMS130_282_for_Microsoft_Office___LG.png → pending (?ms, ?B)
[2026-09-17T16:44:17.196Z] GET https://wxjqgufljgcfbojdaebj.supabase.co/storage/v1/object/public/exhibitor-logos/1759396877063_Maldivian_Logo_1.png → pending (?ms, ?B)
[2026-09-17T16:44:17.429Z] GET https://wxjqgufljgcfbojdaebj.supabase.co/storage/v1/object/public/exhibitor-logos/1759396612609_Artyfingers_Logo.png → pending (?ms, ?B)
[2026-09-17T16:44:17.663Z] GET https://wxjqgufljgcfbojdaebj.supabase.co/storage/v1/object/public/exhibitor-logos/1759403838232_universal_resorts_01.png → pending (?ms, ?B)
[2026-09-17T16:44:17.913Z] GET https://wxjqgufljgcfbojdaebj.supabase.co/storage/v1/object/public/exhibitor-logos/1759403905802_universal_ent..png → pending (?ms, ?B)
[2026-09-17T16:44:18.146Z] GET https://wxjqgufljgcfbojdaebj.supabase.co/storage/v1/object/public/exhibitor-logos/1759404009472_BM_LOGO_BLUE.png → pending (?ms, ?B)
[2026-09-17T16:44:18.380Z] GET https://wxjqgufljgcfbojdaebj.supabase.co/storage/v1/object/public/exhibitor-logos/1758791081361_IMG_9946.jpeg → pending (?ms, ?B)
[2026-09-17T16:44:18.613Z] GET https://wxjqgufljgcfbojdaebj.supabase.co/storage/v1/object/public/exhibitor-logos/1759634905454_IMG_9556.png → pending (?ms, ?B)
[2026-09-17T16:44:18.863Z] GET https://wxjqgufljgcfbojdaebj.supabase.co/storage/v1/object/public/exhibitor-logos/1759659097405_CCM___Logo_icon_tagline_CMYK___Positive.jpg → pending (?ms, ?B)
[2026-09-17T16:44:19.096Z] GET https://wxjqgufljgcfbojdaebj.supabase.co/storage/v1/object/public/exhibitor-logos/1759477413001_united_crafters_logo.jpg → pending (?ms, ?B)
[2026-09-17T16:44:19.330Z] GET https://wxjqgufljgcfbojdaebj.supabase.co/storage/v1/object/public/exhibitor-logos/0.9648164131461666.png → pending (?ms, ?B)
[2026-09-17T16:44:19.813Z] GET https://wxjqgufljgcfbojdaebj.supabase.co/storage/v1/object/public/exhibitor-logos/1759500739716_1000004263.jpg → pending (?ms, ?B)
[2026-09-17T16:44:20.047Z] GET https://wxjqgufljgcfbojdaebj.supabase.co/storage/v1/object/public/exhibitor-logos/1759657955542_High_Res_Stack_Logo.png → pending (?ms, ?B)
[2026-09-17T16:44:20.281Z] GET https://wxjqgufljgcfbojdaebj.supabase.co/storage/v1/object/public/exhibitor-logos/1759728182922_1000033779.png → pending (?ms, ?B)
[2026-09-17T16:44:20.530Z] GET https://wxjqgufljgcfbojdaebj.supabase.co/storage/v1/object/public/exhibitor-logos/1759729913358_Villa_College_Logo_copy.png → pending (?ms, ?B)
[2026-09-17T16:44:20.764Z] GET https://wxjqgufljgcfbojdaebj.supabase.co/storage/v1/object/public/exhibitor-logos/1759733507328_IMG_1754.jpeg → pending (?ms, ?B)
[2026-09-17T16:44:20.996Z] GET https://wxjqgufljgcfbojdaebj.supabase.co/storage/v1/object/public/exhibitor-logos/1759734844935_logo.png → pending (?ms, ?B)
[2026-09-17T16:44:21.248Z] GET https://wxjqgufljgcfbojdaebj.supabase.co/storage/v1/object/public/exhibitor-logos/1760008927384_WhatsApp_Image_2025_10_09_at_12.07.00.jpeg → pending (?ms, ?B)
[2026-09-17T16:44:21.480Z] GET https://wxjqgufljgcfbojdaebj.supabase.co/storage/v1/object/public/exhibitor-logos/1759732955900_MACCS_Final_Logo.png → pending (?ms, ?B)
[2026-09-17T16:44:21.714Z] GET https://wxjqgufljgcfbojdaebj.supabase.co/storage/v1/object/public/exhibitor-logos/1759770555885_IMG_3428.PNG → pending (?ms, ?B)
[2026-09-17T16:44:21.947Z] GET https://wxjqgufljgcfbojdaebj.supabase.co/storage/v1/object/public/exhibitor-logos/1759770743309_FEA_MALDIVES__1_.png → pending (?ms, ?B)
[2026-09-17T16:44:22.197Z] GET https://wxjqgufljgcfbojdaebj.supabase.co/storage/v1/object/public/exhibitor-logos/1759815808372_Logo___png__1_.png → pending (?ms, ?B)
[2026-09-17T16:44:22.431Z] GET https://wxjqgufljgcfbojdaebj.supabase.co/storage/v1/object/public/exhibitor-logos/1759811939177_HIKM_Logo.jpg → pending (?ms, ?B)
[2026-09-17T16:44:22.664Z] GET https://wxjqgufljgcfbojdaebj.supabase.co/storage/v1/object/public/exhibitor-logos/1759815281351_BD_logo.jpeg → pending (?ms, ?B)
[2026-09-17T16:44:22.914Z] GET https://wxjqgufljgcfbojdaebj.supabase.co/storage/v1/object/public/exhibitor-logos/1759223492099_eeezap.logo.lettermark.PNG_image.png → pending (?ms, ?B)
[2026-09-17T16:44:23.147Z] GET https://wxjqgufljgcfbojdaebj.supabase.co/storage/v1/object/public/exhibitor-logos/1759822044614_Logo___Voyages_Maldives.jpg → pending (?ms, ?B)
[2026-09-17T16:44:23.381Z] GET https://wxjqgufljgcfbojdaebj.supabase.co/storage/v1/object/public/exhibitor-logos/1759833132209_moodhubulhaa_logo_dhivehi1_01__1_.jpg → pending (?ms, ?B)
[2026-09-17T16:44:23.614Z] GET https://wxjqgufljgcfbojdaebj.supabase.co/storage/v1/object/public/exhibitor-logos/1759838293256_Primary_DarkTeal_NexiaMV.png → pending (?ms, ?B)
[2026-09-17T16:44:23.865Z] GET https://wxjqgufljgcfbojdaebj.supabase.co/storage/v1/object/public/exhibitor-logos/0.7117280347049213.png → pending (?ms, ?B)
[2026-09-17T16:44:24.097Z] GET https://wxjqgufljgcfbojdaebj.supabase.co/storage/v1/object/public/exhibitor-logos/1760009754259_Logo_61.png → pending (?ms, ?B)
[2026-09-17T16:44:24.331Z] GET https://wxjqgufljgcfbojdaebj.supabase.co/storage/v1/object/public/exhibitor-logos/0.17135505949567742.png → pending (?ms, ?B)
[2026-09-17T16:44:24.581Z] GET https://wxjqgufljgcfbojdaebj.supabase.co/storage/v1/object/public/exhibitor-logos/1759903611624_gfs_logo_tif.jpg → pending (?ms, ?B)
[2026-09-17T16:44:24.815Z] GET https://wxjqgufljgcfbojdaebj.supabase.co/storage/v1/object/public/exhibitor-logos/1759812814488_1747193521153.png → pending (?ms, ?B)
[2026-09-17T16:44:25.049Z] GET https://wxjqgufljgcfbojdaebj.supabase.co/storage/v1/object/public/exhibitor-logos/1759494620360_IMG_5646.jpeg → pending (?ms, ?B)
[2026-09-17T16:44:25.282Z] GET https://wxjqgufljgcfbojdaebj.supabase.co/storage/v1/object/public/exhibitor-logos/1759730562026_kula_art_logo__2_.png → pending (?ms, ?B)
[2026-09-17T16:44:25.532Z] GET https://wxjqgufljgcfbojdaebj.supabase.co/storage/v1/object/public/exhibitor-logos/1759907849455_Zikura_logo_New__1__03.png → pending (?ms, ?B)
[2026-09-17T16:44:25.765Z] GET https://wxjqgufljgcfbojdaebj.supabase.co/storage/v1/object/public/exhibitor-logos/0.9828884120307307.png → pending (?ms, ?B)
[2026-09-17T16:44:25.998Z] GET https://wxjqgufljgcfbojdaebj.supabase.co/storage/v1/object/public/exhibitor-logos/1759225717233_logo.jpg → pending (?ms, ?B)
[2026-09-17T16:44:26.250Z] GET https://wxjqgufljgcfbojdaebj.supabase.co/storage/v1/object/public/exhibitor-logos/0.7930092888294169.png → pending (?ms, ?B)
[2026-09-17T16:44:26.482Z] GET https://wxjqgufljgcfbojdaebj.supabase.co/storage/v1/object/public/exhibitor-logos/1758815473533_LOGO.png → pending (?ms, ?B)
[2026-09-17T16:44:26.716Z] GET https://wxjqgufljgcfbojdaebj.supabase.co/storage/v1/object/public/exhibitor-logos/1758454862283_IMG_8818.jpeg → pending (?ms, ?B)
[2026-09-17T16:44:26.950Z] GET https://wxjqgufljgcfbojdaebj.supabase.co/storage/v1/object/public/exhibitor-logos/1759581072466_0_02_03_8281669422c60f79bd97d92ca2c8e5b4e512c76670e0b0a8e1fe97a8def9d02a_641ea688e812cfea.jpg → pending (?ms, ?B)
[2026-09-17T16:44:27.198Z] GET https://wxjqgufljgcfbojdaebj.supabase.co/storage/v1/object/public/exhibitor-logos/1759995271910_WhatsApp_Image_2025_10_09_at_11.39.01.jpeg → pending (?ms, ?B)
[2026-09-17T16:44:27.665Z] GET https://wxjqgufljgcfbojdaebj.supabase.co/storage/v1/object/public/exhibitor-logos/1759231088146_IMG_9393.jpeg → pending (?ms, ?B)
[2026-09-17T16:44:27.916Z] GET https://wxjqgufljgcfbojdaebj.supabase.co/storage/v1/object/public/exhibitor-logos/1759216302720_1000031165.jpg → pending (?ms, ?B)
[2026-09-17T16:44:28.149Z] GET https://wxjqgufljgcfbojdaebj.supabase.co/storage/v1/object/public/exhibitor-logos/1759496179747_Meltz_Logo.png → pending (?ms, ?B)
[2026-09-17T16:44:28.382Z] GET https://wxjqgufljgcfbojdaebj.supabase.co/storage/v1/object/public/exhibitor-logos/1759493794846_IMG_4065.png → pending (?ms, ?B)
[2026-09-17T16:44:28.615Z] GET https://wxjqgufljgcfbojdaebj.supabase.co/storage/v1/object/public/exhibitor-logos/1760009650250_Logo_61.png → pending (?ms, ?B)
[2026-09-17T16:44:28.866Z] GET https://wxjqgufljgcfbojdaebj.supabase.co/storage/v1/object/public/exhibitor-logos/1760247041496_Sun_Siyam_Resorts.png → pending (?ms, ?B)
[2026-09-17T16:44:29.099Z] GET https://wxjqgufljgcfbojdaebj.supabase.co/storage/v1/object/public/exhibitor-logos/1760171575104_Taj_Logo.jpg → pending (?ms, ?B)
[2026-09-17T16:44:29.332Z] GET https://wxjqgufljgcfbojdaebj.supabase.co/storage/v1/object/public/exhibitor-logos/1759992493773_logo_high_commission.png → pending (?ms, ?B)
[2026-09-17T16:44:29.583Z] GET https://wxjqgufljgcfbojdaebj.supabase.co/storage/v1/object/public/exhibitor-logos/1759820632164_Saudi_Emassy_Logo__1___1_.jpg → pending (?ms, ?B)
[2026-09-17T16:44:29.816Z] GET https://wxjqgufljgcfbojdaebj.supabase.co/storage/v1/object/public/exhibitor-logos/1760256486882_State_Trading_Organisation_STO_logo.jpg → pending (?ms, ?B)
[2026-09-17T16:44:30.051Z] GET https://wxjqgufljgcfbojdaebj.supabase.co/storage/v1/object/public/exhibitor-logos/1759761961845_IMG_3857.jpeg → pending (?ms, ?B)
[2026-09-17T16:44:30.283Z] GET https://wxjqgufljgcfbojdaebj.supabase.co/storage/v1/object/public/exhibitor-logos/1759909422961_1000006271.jpg → pending (?ms, ?B)
[2026-09-17T16:44:30.532Z] GET https://wxjqgufljgcfbojdaebj.supabase.co/storage/v1/object/public/exhibitor-logos/1759657944716_MNU_LOGO__filled__02.png → pending (?ms, ?B)
[2026-09-17T16:44:30.766Z] GET https://wxjqgufljgcfbojdaebj.supabase.co/storage/v1/object/public/exhibitor-logos/1760421274112_logo.png → pending (?ms, ?B)
[2026-09-17T16:44:31.002Z] GET https://wxjqgufljgcfbojdaebj.supabase.co/storage/v1/object/public/exhibitor-logos/1760357629720_MBS_Logo_Text__7_.png → pending (?ms, ?B)
[2026-09-17T16:44:31.250Z] GET https://wxjqgufljgcfbojdaebj.supabase.co/storage/v1/object/public/exhibitor-logos/1760425859273_Pulse_Logo_.jpg → pending (?ms, ?B)
[2026-09-17T16:44:31.483Z] GET https://wxjqgufljgcfbojdaebj.supabase.co/storage/v1/object/public/exhibitor-logos/1760437668579_Ministry_Logo.jpg → pending (?ms, ?B)
[2026-09-17T16:44:31.717Z] GET https://wxjqgufljgcfbojdaebj.supabase.co/storage/v1/object/public/exhibitor-logos/1760438932074_HCI_MALE__LOGO_BLUE.png → pending (?ms, ?B)
[2026-09-17T16:44:31.950Z] GET https://wxjqgufljgcfbojdaebj.supabase.co/storage/v1/object/public/exhibitor-logos/1760433763313_6c43a8b4_78dc_45de_a5ea_1bbda0e6fefc.jpeg → pending (?ms, ?B)
[2026-09-17T16:44:32.199Z] GET https://wxjqgufljgcfbojdaebj.supabase.co/storage/v1/object/public/exhibitor-logos/1760431465784_1000053994.jpg → pending (?ms, ?B)
[2026-09-17T16:44:32.434Z] GET https://wxjqgufljgcfbojdaebj.supabase.co/storage/v1/object/public/exhibitor-logos/1760436049751_NEW_LOGO2fg.jpg → pending (?ms, ?B)
[2026-09-17T16:44:32.666Z] GET https://wxjqgufljgcfbojdaebj.supabase.co/storage/v1/object/public/exhibitor-logos/1760424184821_use_maldives_flag_logo_vertical_white.png → pending (?ms, ?B)
[2026-09-17T16:44:32.917Z] GET https://wxjqgufljgcfbojdaebj.supabase.co/storage/v1/object/public/exhibitor-logos/1759735623025_1000128793.png → pending (?ms, ?B)
[2026-09-17T16:44:33.151Z] GET https://wxjqgufljgcfbojdaebj.supabase.co/storage/v1/object/public/exhibitor-logos/1759913017136_Wamco_logo_02.png → pending (?ms, ?B)
[2026-09-17T16:44:33.382Z] GET https://wxjqgufljgcfbojdaebj.supabase.co/storage/v1/object/public/exhibitor-logos/0.6062694988225037.png → pending (?ms, ?B)
[2026-09-17T16:44:33.616Z] GET https://wxjqgufljgcfbojdaebj.supabase.co/storage/v1/object/public/exhibitor-logos/0.9119848508972016.jpg → pending (?ms, ?B)
[2026-09-17T16:44:33.867Z] GET https://wxjqgufljgcfbojdaebj.supabase.co/storage/v1/object/public/exhibitor-logos/0.6800870729379804.jpg → pending (?ms, ?B)
[2026-09-17T16:44:34.100Z] GET https://wxjqgufljgcfbojdaebj.supabase.co/storage/v1/object/public/exhibitor-logos/0.9547403692341133.jpg → pending (?ms, ?B)
[2026-09-17T16:44:34.334Z] GET https://wxjqgufljgcfbojdaebj.supabase.co/storage/v1/object/public/exhibitor-logos/0.9514607982149565.jpg → pending (?ms, ?B)
[2026-09-17T16:44:34.583Z] GET https://wxjqgufljgcfbojdaebj.supabase.co/storage/v1/object/public/exhibitor-logos/1760488019245_Valerian_logo_Nody_s_green_NOdescriptor.jpg → pending (?ms, ?B)
[2026-09-17T16:44:34.816Z] GET https://wxjqgufljgcfbojdaebj.supabase.co/storage/v1/object/public/exhibitor-logos/1758929155961_IMG_5494.jpeg → pending (?ms, ?B)
[2026-09-17T16:44:35.051Z] GET https://wxjqgufljgcfbojdaebj.supabase.co/storage/v1/object/public/exhibitor-logos/1759477843093_IMG_6100.jpeg → pending (?ms, ?B)
[2026-09-17T16:44:35.284Z] GET https://wxjqgufljgcfbojdaebj.supabase.co/storage/v1/object/public/exhibitor-logos/1759472933021_IMG_6609.jpeg → pending (?ms, ?B)
[2026-09-17T16:44:35.534Z] GET https://wxjqgufljgcfbojdaebj.supabase.co/storage/v1/object/public/exhibitor-logos/1759481055375_1000015992.jpg → pending (?ms, ?B)
[2026-09-17T16:44:35.767Z] GET https://wxjqgufljgcfbojdaebj.supabase.co/storage/v1/object/public/exhibitor-logos/1759761954455_IMG_7100.png → pending (?ms, ?B)
[2026-09-17T16:44:36.000Z] GET https://wxjqgufljgcfbojdaebj.supabase.co/storage/v1/object/public/exhibitor-logos/1759916764242_67FC37DF_B149_49E9_BC7B_23E1109DB086.png → pending (?ms, ?B)
[2026-09-17T16:44:36.250Z] GET https://wxjqgufljgcfbojdaebj.supabase.co/storage/v1/object/public/exhibitor-logos/1759984694905_LoveBites.jpg → pending (?ms, ?B)
[2026-09-17T16:44:36.483Z] GET https://wxjqgufljgcfbojdaebj.supabase.co/storage/v1/object/public/exhibitor-logos/1760020300727_1000019069.jpg → pending (?ms, ?B)
[2026-09-17T16:44:36.717Z] GET https://wxjqgufljgcfbojdaebj.supabase.co/storage/v1/object/public/exhibitor-logos/1759465932574_inbound5370309514317492827.jpg → pending (?ms, ?B)
[2026-09-17T16:44:36.951Z] GET https://wxjqgufljgcfbojdaebj.supabase.co/storage/v1/object/public/exhibitor-logos/1760289101091_IMG_b5494af2bda60407e28568aed30a48e3_V.jpg → pending (?ms, ?B)
[2026-09-17T16:44:37.201Z] GET https://wxjqgufljgcfbojdaebj.supabase.co/storage/v1/object/public/exhibitor-logos/0.788025466299365.png → pending (?ms, ?B)
[2026-09-17T16:44:37.434Z] GET https://wxjqgufljgcfbojdaebj.supabase.co/storage/v1/object/public/exhibitor-logos/1759746045442_1000019152.jpg → pending (?ms, ?B)
[2026-09-17T16:44:37.667Z] GET https://wxjqgufljgcfbojdaebj.supabase.co/storage/v1/object/public/exhibitor-logos/1760204406723_DC_Full_Logo.png → pending (?ms, ?B)
[2026-09-17T16:44:37.917Z] GET https://wxjqgufljgcfbojdaebj.supabase.co/storage/v1/object/public/exhibitor-logos/1760262747313_ekkie_n_logo_2400x_8.png → pending (?ms, ?B)
[2026-09-17T16:44:38.150Z] GET https://wxjqgufljgcfbojdaebj.supabase.co/storage/v1/object/public/exhibitor-logos/1759658500236_MNU_LOGO__filled__02.png → pending (?ms, ?B)
[2026-09-17T16:44:38.383Z] GET https://wxjqgufljgcfbojdaebj.supabase.co/storage/v1/object/public/exhibitor-logos/0.6478918615434536.png → pending (?ms, ?B)
[2026-09-17T16:44:38.617Z] GET https://wxjqgufljgcfbojdaebj.supabase.co/storage/v1/object/public/exhibitor-logos/1759731256288_inbound4264151175439109333.jpg → pending (?ms, ?B)
[2026-09-17T16:44:38.867Z] GET https://wxjqgufljgcfbojdaebj.supabase.co/storage/v1/object/public/exhibitor-logos/1759849285861_IMG_8e550150eae6ae8dfc7b71aa1bde5485_V.jpg → pending (?ms, ?B)
[2026-09-17T16:44:39.100Z] GET https://wxjqgufljgcfbojdaebj.supabase.co/storage/v1/object/public/exhibitor-logos/1760379469942_Screenshot_2025_10_13_at_23.06.31.png → pending (?ms, ?B)
[2026-09-17T16:44:39.334Z] GET https://wxjqgufljgcfbojdaebj.supabase.co/storage/v1/object/public/exhibitor-logos/1760487305425_Valerian_logo_Nody_s_green_NOdescriptor.jpg → pending (?ms, ?B)
[2026-09-17T16:44:39.584Z] GET https://wxjqgufljgcfbojdaebj.supabase.co/storage/v1/object/public/exhibitor-logos/1760873711878_ENCREA_Logo__1_.png → pending (?ms, ?B)
[2026-09-17T16:44:39.817Z] GET https://wxjqgufljgcfbojdaebj.supabase.co/storage/v1/object/public/exhibitor-logos/1760874011882_Sparkhub_Logo.png → pending (?ms, ?B)
[2026-09-17T16:44:40.051Z] GET https://wxjqgufljgcfbojdaebj.supabase.co/storage/v1/object/public/exhibitor-logos/1759608780512_1000005846.jpg → pending (?ms, ?B)
[2026-09-17T16:44:40.283Z] GET https://wxjqgufljgcfbojdaebj.supabase.co/storage/v1/object/public/exhibitor-logos/1760866466780_HDC_Logo_02.png → pending (?ms, ?B)
[2026-09-17T16:44:40.533Z] GET https://wxjqgufljgcfbojdaebj.supabase.co/storage/v1/object/public/exhibitor-logos/1760872165235_GF_IG_POST_TEMPLATE.png → pending (?ms, ?B)
[2026-09-17T16:44:40.766Z] GET https://wxjqgufljgcfbojdaebj.supabase.co/storage/v1/object/public/exhibitor-logos/1760448849367_1000052112.svg → pending (?ms, ?B)
[2026-09-17T16:44:41.000Z] GET https://wxjqgufljgcfbojdaebj.supabase.co/storage/v1/object/public/exhibitor-logos/1760472153408_ForLoop_Grey_.png → pending (?ms, ?B)
[2026-09-17T16:44:41.251Z] GET https://wxjqgufljgcfbojdaebj.supabase.co/storage/v1/object/public/exhibitor-logos/1760944789992_1759730115605_tn_logo_400x400.jpg → pending (?ms, ?B)
[2026-09-17T16:44:41.484Z] GET https://wxjqgufljgcfbojdaebj.supabase.co/storage/v1/object/public/exhibitor-logos/0.6733676445086836.png → pending (?ms, ?B)
[2026-09-17T16:44:41.718Z] GET https://wxjqgufljgcfbojdaebj.supabase.co/storage/v1/object/public/exhibitor-logos/1760248227994_IMG_6845.jpeg → pending (?ms, ?B)
[2026-09-17T16:44:41.951Z] GET https://wxjqgufljgcfbojdaebj.supabase.co/storage/v1/object/public/exhibitor-logos/1760602348865_MOCCEE_Official_Stamp___Dhivehi.png → pending (?ms, ?B)
[2026-09-17T16:44:42.200Z] GET https://wxjqgufljgcfbojdaebj.supabase.co/storage/v1/object/public/exhibitor-logos/1758431600984_Ministry_logo.png → pending (?ms, ?B)
[2026-09-17T16:44:42.434Z] GET https://wxjqgufljgcfbojdaebj.supabase.co/storage/v1/object/public/exhibitor-logos/1761025190371_eeezap_logo.jpg → pending (?ms, ?B)
[2026-09-17T16:44:42.666Z] GET https://wxjqgufljgcfbojdaebj.supabase.co/storage/v1/object/public/exhibitor-logos/1760285091969_Kavezo_Logo.jpg → pending (?ms, ?B)
[2026-09-17T16:44:42.918Z] GET https://wxjqgufljgcfbojdaebj.supabase.co/storage/v1/object/public/exhibitor-logos/1759216811791_1000040612.jpg → pending (?ms, ?B)
[2026-09-17T16:44:43.151Z] GET https://wxjqgufljgcfbojdaebj.supabase.co/storage/v1/object/public/exhibitor-logos/1759735345132_Capture.JPG → pending (?ms, ?B)
[2026-09-17T16:44:43.383Z] GET https://wxjqgufljgcfbojdaebj.supabase.co/storage/v1/object/public/exhibitor-logos/1761107687753_250724_FMV_Logo_4c_uncoated_3x.png → pending (?ms, ?B)
[2026-09-17T16:44:43.617Z] GET https://wxjqgufljgcfbojdaebj.supabase.co/storage/v1/object/public/exhibitor-logos/1761205932832_logo_algo_RGB_descriptor_purple.pdf.png → pending (?ms, ?B)
[2026-09-17T16:44:43.867Z] GET https://wxjqgufljgcfbojdaebj.supabase.co/storage/v1/object/public/exhibitor-logos/1761191670105_Maldives_National_Defence_Force_Emblem.svg__1_.png → pending (?ms, ?B)
[2026-09-17T16:44:44.101Z] GET https://wxjqgufljgcfbojdaebj.supabase.co/storage/v1/object/public/exhibitor-logos/1761221554287_1000067861.png → pending (?ms, ?B)
[2026-09-17T16:44:44.334Z] GET https://wxjqgufljgcfbojdaebj.supabase.co/storage/v1/object/public/exhibitor-logos/1761206360970_STUDIO7_LOGO_MAIN_LOGO.png → pending (?ms, ?B)
[2026-09-17T16:44:44.585Z] GET https://wxjqgufljgcfbojdaebj.supabase.co/storage/v1/object/public/exhibitor-logos/1761448701634_dhathagadhiya.jpg → pending (?ms, ?B)
[2026-09-17T16:44:44.817Z] GET https://wxjqgufljgcfbojdaebj.supabase.co/storage/v1/object/public/exhibitor-logos/0.2630294729952303.png → pending (?ms, ?B)
[2026-09-17T16:44:45.051Z] GET https://wxjqgufljgcfbojdaebj.supabase.co/storage/v1/object/public/exhibitor-logos/1761450703528_IMG_6375.png → pending (?ms, ?B)
[2026-09-17T16:44:45.284Z] GET https://wxjqgufljgcfbojdaebj.supabase.co/storage/v1/object/public/exhibitor-logos/1761451959531_Paan_legacy_logo_tm__green.png → pending (?ms, ?B)
[2026-09-17T16:44:45.535Z] GET https://wxjqgufljgcfbojdaebj.supabase.co/storage/v1/object/public/exhibitor-logos/1761459840680_500538054_1255936526533160_6109476245460783004_n.jpg → pending (?ms, ?B)
[2026-09-17T16:44:45.766Z] GET https://wxjqgufljgcfbojdaebj.supabase.co/storage/v1/object/public/exhibitor-logos/1761480886840_Logo.png → pending (?ms, ?B)
[2026-09-17T16:44:46.001Z] GET https://wxjqgufljgcfbojdaebj.supabase.co/storage/v1/object/public/exhibitor-logos/1761390072520_MindCare_Clinic_Logo.png → pending (?ms, ?B)
[2026-09-17T16:44:46.251Z] GET https://wxjqgufljgcfbojdaebj.supabase.co/storage/v1/object/public/exhibitor-logos/1761470946723_wantcha_matcha.png → pending (?ms, ?B)
[2026-09-17T16:44:46.484Z] GET https://wxjqgufljgcfbojdaebj.supabase.co/storage/v1/object/public/exhibitor-logos/1761544680968_CA_Logo_2.jpeg → pending (?ms, ?B)
[2026-09-17T16:44:46.718Z] GET https://wxjqgufljgcfbojdaebj.supabase.co/storage/v1/object/public/exhibitor-logos/1760951703884_CA_Logo_2.jpeg → pending (?ms, ?B)
[2026-09-17T16:44:46.951Z] GET https://wxjqgufljgcfbojdaebj.supabase.co/storage/v1/object/public/exhibitor-logos/1761547593287_IMG_6567.jpeg → pending (?ms, ?B)
[2026-09-17T16:44:47.200Z] GET https://wxjqgufljgcfbojdaebj.supabase.co/storage/v1/object/public/exhibitor-logos/1761206565386_STUDIO7_LOGO_MAIN_LOGO.png → pending (?ms, ?B)
[2026-09-17T16:44:47.435Z] GET https://wxjqgufljgcfbojdaebj.supabase.co/storage/v1/object/public/exhibitor-logos/1761406180866_IMG_3347.jpeg → pending (?ms, ?B)
[2026-09-17T16:44:47.667Z] GET https://wxjqgufljgcfbojdaebj.supabase.co/storage/v1/object/public/exhibitor-logos/1761466908870_MMAC_logo_vector.jpg → pending (?ms, ?B)
[2026-09-17T16:44:47.918Z] GET https://wxjqgufljgcfbojdaebj.supabase.co/storage/v1/object/public/exhibitor-logos/1761560732271_MMI_Logo_f.png → pending (?ms, ?B)
[2026-09-17T16:44:48.151Z] GET https://wxjqgufljgcfbojdaebj.supabase.co/storage/v1/object/public/exhibitor-logos/1761473830768_IMG_9868.jpeg → pending (?ms, ?B)
[2026-09-17T16:44:48.384Z] GET https://wxjqgufljgcfbojdaebj.supabase.co/storage/v1/object/public/exhibitor-logos/1761633500178_Emblem_of_Sri_Lanka_317x450.png → pending (?ms, ?B)
[2026-09-17T16:44:48.617Z] GET https://wxjqgufljgcfbojdaebj.supabase.co/storage/v1/object/public/exhibitor-logos/1761467094704_IMG_7789.jpeg → pending (?ms, ?B)
[2026-09-17T16:44:48.868Z] GET https://wxjqgufljgcfbojdaebj.supabase.co/storage/v1/object/public/exhibitor-logos/1761711618201_MAHC_Logo.png → pending (?ms, ?B)
[2026-09-17T16:44:49.101Z] GET https://wxjqgufljgcfbojdaebj.supabase.co/storage/v1/object/public/exhibitor-logos/1761713871606_1760437668579_Ministry_Logo.jpg → pending (?ms, ?B)
[2026-09-17T16:44:49.333Z] GET https://wxjqgufljgcfbojdaebj.supabase.co/storage/v1/object/public/exhibitor-logos/0.8943651484450246.png → pending (?ms, ?B)
[2026-09-17T16:44:49.587Z] GET https://wxjqgufljgcfbojdaebj.supabase.co/storage/v1/object/public/exhibitor-logos/1761718997657_New_Logo__PNG_.png → pending (?ms, ?B)
[2026-09-17T16:44:49.817Z] GET https://wxjqgufljgcfbojdaebj.supabase.co/storage/v1/object/public/exhibitor-logos/1761719978655_1761468219989_MMAC_logo_vector.jpg → pending (?ms, ?B)
[2026-09-17T16:44:50.054Z] GET https://wxjqgufljgcfbojdaebj.supabase.co/storage/v1/object/public/exhibitor-logos/0.8692426207249255.png → pending (?ms, ?B)
[2026-09-17T16:44:50.285Z] GET https://wxjqgufljgcfbojdaebj.supabase.co/storage/v1/object/public/exhibitor-logos/0.20855188905954147.png → pending (?ms, ?B)
[2026-09-17T16:44:50.534Z] GET https://wxjqgufljgcfbojdaebj.supabase.co/storage/v1/object/public/exhibitor-logos/0.5791058020874709.jpg → pending (?ms, ?B)
[2026-09-17T16:44:50.767Z] GET https://wxjqgufljgcfbojdaebj.supabase.co/storage/v1/object/public/exhibitor-logos/1761723657063_Maldivian_Red_Crescent_LOGO_withwhiteBG.jpg → pending (?ms, ?B)
[2026-09-17T16:44:51.000Z] GET https://wxjqgufljgcfbojdaebj.supabase.co/storage/v1/object/public/exhibitor-logos/0.9828438346038199.jpeg → pending (?ms, ?B)
[2026-09-17T16:44:51.252Z] GET https://wxjqgufljgcfbojdaebj.supabase.co/storage/v1/object/public/exhibitor-logos/1761913073989_1000055053.jpg → pending (?ms, ?B)
[2026-09-17T16:44:51.484Z] GET https://wxjqgufljgcfbojdaebj.supabase.co/storage/v1/object/public/exhibitor-logos/1761486885819_logo1.png → pending (?ms, ?B)
[2026-09-17T16:44:51.718Z] GET https://wxjqgufljgcfbojdaebj.supabase.co/storage/v1/object/public/exhibitor-logos/1762243740656_0.8765691842971598.png → pending (?ms, ?B)
[2026-09-17T16:44:51.951Z] GET https://wxjqgufljgcfbojdaebj.supabase.co/storage/v1/object/public/exhibitor-logos/1762243950720_1760289101091_IMG_b5494af2bda60407e28568aed30a48e3_V.jpg → pending (?ms, ?B)
[2026-09-17T16:44:52.201Z] GET https://wxjqgufljgcfbojdaebj.supabase.co/storage/v1/object/public/exhibitor-logos/1762244283800_1761633500178_Emblem_of_Sri_Lanka_317x450.png → pending (?ms, ?B)
[2026-09-17T16:44:52.435Z] GET https://wxjqgufljgcfbojdaebj.supabase.co/storage/v1/object/public/exhibitor-logos/0.37795577040272343.jpg → pending (?ms, ?B)
[2026-09-17T16:44:52.668Z] GET https://wxjqgufljgcfbojdaebj.supabase.co/storage/v1/object/public/exhibitor-logos/0.4464042835306682.png → pending (?ms, ?B)
[2026-09-17T16:44:52.917Z] GET https://wxjqgufljgcfbojdaebj.supabase.co/storage/v1/object/public/exhibitor-logos/0.13807241243785995.png → pending (?ms, ?B)
[2026-09-17T16:44:53.151Z] GET https://wxjqgufljgcfbojdaebj.supabase.co/storage/v1/object/public/exhibitor-logos/0.07601383820201002.jpg → pending (?ms, ?B)
